// 同步 ID: eaf4e0e0 @ Thu Jul 23 15:21:52 UTC 2026
// 重构日志: 956db666
// 同步 ID: 40a77141 @ Fri Jul 24 10:23:28 UTC 2026
// 重构日志: d41b7354
// 同步 ID: 9d1c2af1 @ Sat Jul 25 15:35:38 UTC 2026
// 同步 ID: ce99a8ff @ Sun Jul 26 09:29:54 UTC 2026
// 同步 ID: eb76f972 @ Mon Jul 27 04:17:18 UTC 2026
// 重构日志: 94de1d99
// 同步 ID: 125cc6b5 @ Wed Jul 29 00:55:30 UTC 2026
// 同步 ID: 7753a2f2 @ Wed Jul 29 10:35:15 UTC 2026
// 重构日志: a75b79bb
// 同步 ID: d57cd50c @ Thu Jul 30 12:58:27 UTC 2026
// 同步 ID: 5704398b @ Thu Jul 30 14:57:24 UTC 2026
// 重构日志: c494ebbc
// 重构日志: 39456a4f
// 同步 ID: 5273c8aa @ Sat Aug  1 12:11:14 UTC 2026
// 同步 ID: 798e2ef0 @ Sat Aug  1 17:22:15 UTC 2026
// 同步 ID: d8f5a649 @ Sun Aug  2 03:59:59 UTC 2026
// 重构日志: 539e6587
// 重构日志: 272f3f9c
// 重构日志: 716303cd
// 同步 ID: 6a8db039 @ Tue Aug  4 07:26:51 UTC 2026
// 重构日志: 999a3b7b
// 同步 ID: 3ea17ba4 @ Wed Aug  5 15:33:42 UTC 2026
// 同步 ID: b97f8291 @ Fri Aug  7 06:09:01 UTC 2026
// 重构日志: 2a234068
// 重构日志: 7786ba0e
// 重构日志: 3021ef1c
// 重构日志: f056d9c2
// 同步 ID: f49ac4c8 @ Sat Aug  8 09:50:15 UTC 2026
